[
  { "msg": "[    0.000000] Initializing cgroup subsys cpuset", "delay": 20 },
  { "msg": "[    0.000000] Initializing cgroup subsys cpu", "delay": 15 },
  { "msg": "[    0.000000] Initializing cgroup subsys cpuacct", "delay": 15 },
  {
    "msg": "[    0.000000] Linux version 6.5.0-ponlponl (ponlponl@ponlponl123) (gcc version 13.2.0)",
    "delay": 30
  },
  {
    "msg": "[    0.000000] Command line: BOOT_IMAGE=/boot/vmlinuz-6.5.0-ponlponl root=UUID=a1b2c3d4",
    "delay": 25
  },
  { "msg": "[    0.000000] KERNEL supported cpus:", "delay": 15 },
  { "msg": "[    0.000000]   Intel GenuineIntel", "delay": 10 },
  { "msg": "[    0.000000]   AMD AuthenticAMD", "delay": 10 },
  { "msg": "[    0.000000]   Hygon HygonGenuine", "delay": 10 },
  { "msg": "[    0.000000]   Centaur CentaurHauls", "delay": 10 },
  { "msg": "[    0.000000]   zhaoxin   Shanghai  ", "delay": 10 },
  {
    "msg": "[    0.000000] x86/fpu: Supporting XSAVE feature 0x001: 'x87 floating point registers'",
    "delay": 20
  },
  {
    "msg": "[    0.000000] x86/fpu: Supporting XSAVE feature 0x002: 'SSE registers'",
    "delay": 15
  },
  {
    "msg": "[    0.000000] x86/fpu: Supporting XSAVE feature 0x004: 'AVX registers'",
    "delay": 15
  },
  {
    "msg": "[    0.000000] x86/fpu: xstate_offset[2]: 576, xstate_sizes[2]: 256",
    "delay": 15
  },
  {
    "msg": "[    0.000000] x86/fpu: Enabled xstate features 0x7, context size is 832 bytes",
    "delay": 20
  },
  { "msg": "[    0.000000] signal: max sigframe size: 1776", "delay": 15 },
  { "msg": "[    0.000000] BIOS-provided physical RAM map:", "delay": 20 },
  {
    "msg": "[    0.000000] BIOS-e820: [mem 0x0000000000000000-0x000000000009fbff] usable",
    "delay": 15
  },
  {
    "msg": "[    0.000000] BIOS-e820: [mem 0x000000000009fc00-0x000000000009ffff] reserved",
    "delay": 15
  },
  {
    "msg": "[    0.000000] BIOS-e820: [mem 0x00000000000f0000-0x00000000000fffff] reserved",
    "delay": 15
  },
  {
    "msg": "[    0.000000] BIOS-e820: [mem 0x0000000000100000-0x00000000dffeffff] usable",
    "delay": 15
  },
  {
    "msg": "[    0.000000] BIOS-e820: [mem 0x00000000dfff0000-0x00000000dfffffff] ACPI data",
    "delay": 15
  },
  {
    "msg": "[    0.000000] NX (Execute Disable) protection: active",
    "delay": 20
  },
  {
    "msg": "[    0.000000] DMI: Ponlponl123 Virtual Platform/Standard PC, BIOS 2024.1 12/01/2024",
    "delay": 25
  },
  { "msg": "[    0.000000] tsc: Fast TSC calibration using PIT", "delay": 20 },
  { "msg": "[    0.000000] tsc: Detected 2394.560 MHz processor", "delay": 20 },
  {
    "msg": "[    0.004000] Calibrating delay loop (skipped)... 4789.12 BogoMIPS preset",
    "delay": 25
  },
  { "msg": "[    0.004000] pid_max: default: 32768 minimum: 301", "delay": 15 },
  { "msg": "[    0.004000] LSM: Security Framework initializing", "delay": 20 },
  { "msg": "[    0.008000] Mount-cache hash table entries: 2048", "delay": 15 },
  {
    "msg": "[    0.008000] Mountpoint-cache hash table entries: 2048",
    "delay": 15
  },
  { "msg": "[    0.012000] CPU: Physical Processor ID: 0", "delay": 15 },
  { "msg": "[    0.012000] CPU: Processor Core ID: 0", "delay": 15 },
  { "msg": "[    0.012000] mce: CPU supports 10 MCE banks", "delay": 15 },
  {
    "msg": "[    0.016000] Last level iTLB entries: 4KB 512, 2MB 8, 4MB 8",
    "delay": 15
  },
  {
    "msg": "[    0.016000] Last level dTLB entries: 4KB 512, 2MB 32, 4MB 32, 1GB 0",
    "delay": 15
  },
  { "msg": "[    0.020000] Freeing SMP alternatives memory: 32K", "delay": 20 },
  {
    "msg": "[    0.024000] ftrace: allocating 28471 entries in 56 pages",
    "delay": 20
  },
  {
    "msg": "[    0.028000] smpboot: CPU0: {CPU} @ {SPEED} (family: 0x6, model: 0x8e, stepping: 0xa)",
    "delay": 25
  },
  {
    "msg": "[    0.032000] Performance Events: PEBS fmt3+, 32-deep LBR, Skylake events",
    "delay": 20
  },
  { "msg": "[    0.036000] ... version:                4", "delay": 10 },
  { "msg": "[    0.036000] ... bit width:              48", "delay": 10 },
  { "msg": "[    0.036000] ... generic registers:      4", "delay": 10 },
  {
    "msg": "[    0.040000] ... value mask:             0000ffffffffffff",
    "delay": 10
  },
  {
    "msg": "[    0.040000] ... max period:             00007fffffffffff",
    "delay": 10
  },
  {
    "msg": "[    0.044000] NMI watchdog: Enabled. Permanently consumes one hw-PMU counter.",
    "delay": 25
  },
  { "msg": "[    0.048000] smp: Bringing up secondary CPUs ...", "delay": 30 },
  { "msg": "[    0.052000] x86: Booting SMP configuration:", "delay": 20 },
  {
    "msg": "[    0.052000] .... node  #0, CPUs:      {CORES_MASK}",
    "delay": 40
  },
  { "msg": "[    0.096000] smp: Brought up 1 node, {CORES} CPUs", "delay": 25 },
  { "msg": "[    0.096000] smpboot: Max logical packages: 1", "delay": 15 },
  {
    "msg": "[    0.096000] smpboot: Total of {CORES} processors activated ({BOGOMIPS} BogoMIPS)",
    "delay": 20
  },
  { "msg": "[    0.128000] devtmpfs: initialized", "delay": 20 },
  {
    "msg": "[    0.132000] PM: Registering ACPI NVS region [mem 0xdfff0000-0xdfffffff]",
    "delay": 20
  },
  {
    "msg": "[    0.136000] clocksource: jiffies: mask: 0xffffffff max_cycles: 0xffffffff",
    "delay": 20
  },
  { "msg": "[    0.140000] NET: Registered protocol family 16", "delay": 20 },
  { "msg": "[    0.144000] cpuidle: using governor ladder", "delay": 15 },
  { "msg": "[    0.148000] cpuidle: using governor menu", "delay": 15 },
  { "msg": "[    0.152000] ACPI: bus type PCI registered", "delay": 20 },
  {
    "msg": "[    0.156000] PCI: Using configuration type 1 for base access",
    "delay": 20
  },
  { "msg": "[    0.192000] ACPI: Added _OSI(Module Device)", "delay": 15 },
  { "msg": "[    0.196000] ACPI: Added _OSI(Processor Device)", "delay": 15 },
  {
    "msg": "[    0.200000] ACPI: Added _OSI(3.0 _SCP Extensions)",
    "delay": 15
  },
  {
    "msg": "[    0.204000] ACPI: Added _OSI(Processor Aggregator Device)",
    "delay": 15
  },
  { "msg": "[    0.220000] ACPI: Interpreter enabled", "delay": 20 },
  { "msg": "[    0.224000] ACPI: (supports S0 S3 S4 S5)", "delay": 15 },
  {
    "msg": "[    0.228000] ACPI: Using IOAPIC for interrupt routing",
    "delay": 20
  },
  { "msg": "[    0.256000] PCI: Probing PCI hardware", "delay": 30 },
  { "msg": "[    0.260000] PCI host bridge to bus 0000:00", "delay": 20 },
  {
    "msg": "[    0.264000] pci_bus 0000:00: root bus resource [io  0x0000-0xffff]",
    "delay": 15
  },
  {
    "msg": "[    0.268000] pci_bus 0000:00: root bus resource [mem 0x00000000-0xffffffffff]",
    "delay": 15
  },
  {
    "msg": "[    0.272000] pci 0000:00:00.0: [8086:1237] type 00 class 0x060000",
    "delay": 15
  },
  {
    "msg": "[    0.276000] pci 0000:00:01.0: [8086:7000] type 00 class 0x060100",
    "delay": 15
  },
  {
    "msg": "[    0.280000] pci 0000:00:01.1: [8086:7010] type 00 class 0x010180",
    "delay": 15
  },
  {
    "msg": "[    0.284000] pci 0000:00:01.3: [8086:7113] type 00 class 0x068000",
    "delay": 15
  },
  {
    "msg": "[    0.288000] pci 0000:00:02.0: [1234:1111] type 00 class 0x030000",
    "delay": 15
  },
  {
    "msg": "[    0.292000] pci 0000:00:03.0: [8086:100e] type 00 class 0x020000",
    "delay": 15
  },
  { "msg": "[    0.320000] SCSI subsystem initialized", "delay": 25 },
  { "msg": "[    0.324000] libata version 3.00 loaded", "delay": 20 },
  {
    "msg": "[    0.328000] usbcore: registered new interface driver usbfs",
    "delay": 20
  },
  {
    "msg": "[    0.332000] usbcore: registered new interface driver hub",
    "delay": 15
  },
  {
    "msg": "[    0.336000] usbcore: registered new device driver usb",
    "delay": 15
  },
  {
    "msg": "[    0.364000] Advanced Linux Sound Architecture Driver Initialized",
    "delay": 25
  },
  { "msg": "[    0.368000] PCI: Using ACPI for IRQ routing", "delay": 20 },
  { "msg": "[    0.392000] NetLabel: Initializing", "delay": 20 },
  { "msg": "[    0.396000] NetLabel:  domain hash size = 128", "delay": 15 },
  {
    "msg": "[    0.400000] NetLabel:  protocols = UNLABELED CIPSOv4 CALIPSO",
    "delay": 15
  },
  {
    "msg": "[    0.404000] NetLabel:  unlabeled traffic allowed by default",
    "delay": 15
  },
  {
    "msg": "[    0.428000] clocksource: Switched to clocksource tsc",
    "delay": 20
  },
  { "msg": "[    0.456000] FS-Cache: Loaded", "delay": 20 },
  { "msg": "[    0.460000] pnp: PnP ACPI init", "delay": 20 },
  { "msg": "[    0.464000] pnp: PnP ACPI: found 7 devices", "delay": 20 },
  { "msg": "[    0.492000] NET: Registered protocol family 2", "delay": 20 },
  {
    "msg": "[    0.496000] TCP established hash table entries: 32768",
    "delay": 15
  },
  { "msg": "[    0.500000] TCP bind hash table entries: 32768", "delay": 15 },
  {
    "msg": "[    0.504000] TCP: Hash tables configured (established 32768 bind 32768)",
    "delay": 20
  },
  { "msg": "[    0.508000] UDP hash table entries: 2048", "delay": 15 },
  { "msg": "[    0.512000] UDP-Lite hash table entries: 2048", "delay": 15 },
  { "msg": "[    0.516000] NET: Registered protocol family 1", "delay": 15 },
  {
    "msg": "[    0.544000] RPC: Registered named UNIX socket transport module",
    "delay": 20
  },
  { "msg": "[    0.548000] RPC: Registered udp transport module", "delay": 15 },
  { "msg": "[    0.552000] RPC: Registered tcp transport module", "delay": 15 },
  { "msg": "[    0.556000] PCI: CLS 0 bytes, default 64", "delay": 15 },
  { "msg": "[    0.580000] Unpacking initramfs...", "delay": 50 },
  { "msg": "[    0.684000] Freeing initrd memory: 15248K", "delay": 30 },
  {
    "msg": "[    0.688000] PCI-DMA: Using software bounce buffering for IO (SWIOTLB)",
    "delay": 20
  },
  {
    "msg": "[    0.692000] software IO TLB: mapped [mem 0xdbffc000-0xdfffc000] (64MB)",
    "delay": 20
  },
  {
    "msg": "[    0.724000] audit: initializing netlink subsys (disabled)",
    "delay": 20
  },
  {
    "msg": "[    0.728000] audit: type=2000 audit(1709424000.728:1): state=initialized",
    "delay": 20
  },
  {
    "msg": "[    0.732000] workingset: timestamp_bits=36 max_order=20 bucket_order=0",
    "delay": 20
  },
  {
    "msg": "[    0.768000] squashfs: version 4.0 (2009/01/31) Phillip Lougher",
    "delay": 20
  },
  {
    "msg": "[    0.796000] Block layer SCSI generic (bsg) driver version 0.4",
    "delay": 20
  },
  { "msg": "[    0.800000] io scheduler noop registered", "delay": 15 },
  { "msg": "[    0.804000] io scheduler deadline registered", "delay": 15 },
  {
    "msg": "[    0.808000] io scheduler cfq registered (default)",
    "delay": 15
  },
  { "msg": "[    0.812000] io scheduler mq-deadline registered", "delay": 15 },
  { "msg": "[    0.816000] io scheduler kyber registered", "delay": 15 },
  {
    "msg": "[    0.852000] Serial: 8250/16550 driver, 4 ports, IRQ sharing enabled",
    "delay": 25
  },
  {
    "msg": "[    0.884000] 00:05: ttyS0 at I/O 0x3f8 (irq = 4) is a 16550A",
    "delay": 20
  },
  { "msg": "[    0.920000] Non-volatile memory driver v1.3", "delay": 20 },
  { "msg": "[    0.924000] Linux agpgart interface v0.103", "delay": 15 },
  { "msg": "[    0.960000] loop: module loaded", "delay": 20 },
  { "msg": "[    0.964000] ahci 0000:00:1f.2: version 3.0", "delay": 20 },
  {
    "msg": "[    0.968000] ahci 0000:00:1f.2: AHCI 0001.0300 32 slots 6 ports 6 Gbps",
    "delay": 25
  },
  { "msg": "[    1.004000] scsi host0: ahci", "delay": 20 },
  { "msg": "[    1.008000] scsi host1: ahci", "delay": 15 },
  { "msg": "[    1.012000] scsi host2: ahci", "delay": 15 },
  { "msg": "[    1.016000] scsi host3: ahci", "delay": 15 },
  { "msg": "[    1.020000] scsi host4: ahci", "delay": 15 },
  { "msg": "[    1.024000] scsi host5: ahci", "delay": 15 },
  {
    "msg": "[    1.028000] ata1: SATA max UDMA/133 abar m4096@0xf0720000 port 0xf0720100",
    "delay": 20
  },
  {
    "msg": "[    1.032000] ata2: SATA max UDMA/133 abar m4096@0xf0720000 port 0xf0720180",
    "delay": 15
  },
  { "msg": "[    1.036000] ata3: DUMMY", "delay": 10 },
  { "msg": "[    1.040000] ata4: DUMMY", "delay": 10 },
  { "msg": "[    1.044000] ata5: DUMMY", "delay": 10 },
  { "msg": "[    1.048000] ata6: DUMMY", "delay": 10 },
  {
    "msg": "[    1.084000] e1000: Intel(R) PRO/1000 Network Driver - version 7.3.21-k8",
    "delay": 25
  },
  {
    "msg": "[    1.088000] e1000: Copyright (c) 1999-2006 Intel Corporation.",
    "delay": 15
  },
  {
    "msg": "[    1.092000] e1000 0000:00:03.0: enabling device (0000 -> 0002)",
    "delay": 20
  },
  {
    "msg": "[    1.148000] e1000 0000:00:03.0 eth0: (PCI:33MHz:32-bit) 52:54:00:12:34:56",
    "delay": 25
  },
  {
    "msg": "[    1.152000] e1000 0000:00:03.0 eth0: Intel(R) PRO/1000 Network Connection",
    "delay": 20
  },
  {
    "msg": "[    1.156000] e1000e: Intel(R) PRO/1000 Network Driver - 3.2.6-k",
    "delay": 20
  },
  {
    "msg": "[    1.160000] e1000e: Copyright(c) 1999 - 2015 Intel Corporation.",
    "delay": 15
  },
  {
    "msg": "[    1.196000] ehci_hcd: USB 2.0 'Enhanced' Host Controller (EHCI) Driver",
    "delay": 25
  },
  { "msg": "[    1.200000] ehci-pci: EHCI PCI platform driver", "delay": 15 },
  {
    "msg": "[    1.204000] ohci_hcd: USB 1.1 'Open' Host Controller (OHCI) Driver",
    "delay": 20
  },
  {
    "msg": "[    1.208000] uhci_hcd: USB Universal Host Controller Interface driver",
    "delay": 20
  },
  {
    "msg": "[    1.244000] usbcore: registered new interface driver usblp",
    "delay": 20
  },
  {
    "msg": "[    1.248000] usbcore: registered new interface driver usb-storage",
    "delay": 15
  },
  {
    "msg": "[    1.284000] i8042: PNP: PS/2 Controller [PNP0303:KBD,PNP0f13:MOU]",
    "delay": 25
  },
  {
    "msg": "[    1.288000] i8042: PNP: PS/2 appears to have AUX port disabled",
    "delay": 15
  },
  {
    "msg": "[    1.320000] serio: i8042 KBD port at 0x60,0x64 irq 1",
    "delay": 20
  },
  {
    "msg": "[    1.324000] mousedev: PS/2 mouse device common for all mice",
    "delay": 15
  },
  {
    "msg": "[    1.360000] input: AT Translated Set 2 keyboard as /devices/platform/i8042/serio0/input/input0",
    "delay": 30
  },
  { "msg": "[    1.364000] rtc_cmos 00:00: RTC can wake from S4", "delay": 20 },
  {
    "msg": "[    1.368000] rtc_cmos 00:00: rtc core: registered rtc_cmos as rtc0",
    "delay": 20
  },
  {
    "msg": "[    1.372000] rtc_cmos 00:00: alarms up to one day, 114 bytes nvram",
    "delay": 15
  },
  {
    "msg": "[    1.376000] device-mapper: ioctl: 4.45.0-ioctl (2021-03-22) initialised",
    "delay": 25
  },
  {
    "msg": "[    1.380000] hidraw: raw HID events driver (C) Jiri Kosina",
    "delay": 20
  },
  {
    "msg": "[    1.384000] usbcore: registered new interface driver usbhid",
    "delay": 15
  },
  { "msg": "[    1.388000] usbhid: USB HID core driver", "delay": 15 },
  {
    "msg": "[    1.420000] ata1: SATA link up 6.0 Gbps (SStatus 133 SControl 300)",
    "delay": 30
  },
  {
    "msg": "[    1.424000] ata1.00: ATA-7: PONLPONL Virtual Disk, 1.0, max UDMA/133",
    "delay": 25
  },
  {
    "msg": "[    1.428000] ata1.00: 104857600 sectors, multi 16: LBA48 NCQ (depth 32)",
    "delay": 20
  },
  { "msg": "[    1.432000] ata1.00: configured for UDMA/133", "delay": 20 },
  {
    "msg": "[    1.436000] scsi 0:0:0:0: Direct-Access     ATA      PONLPONL Virtual 1.0  PQ: 0 ANSI: 5",
    "delay": 25
  },
  {
    "msg": "[    1.440000] sd 0:0:0:0: [sda] 104857600 512-byte logical blocks: (53.7 GB/50.0 GiB)",
    "delay": 20
  },
  {
    "msg": "[    1.444000] sd 0:0:0:0: [sda] Write Protect is off",
    "delay": 15
  },
  {
    "msg": "[    1.448000] sd 0:0:0:0: [sda] Mode Sense: 00 3a 00 00",
    "delay": 15
  },
  {
    "msg": "[    1.452000] sd 0:0:0:0: [sda] Write cache: enabled, read cache: enabled",
    "delay": 20
  },
  { "msg": "[    1.456000]  sda: sda1 sda2", "delay": 20 },
  { "msg": "[    1.460000] sd 0:0:0:0: [sda] Attached SCSI disk", "delay": 20 },
  {
    "msg": "[    1.496000] ata2: SATA link down (SStatus 0 SControl 300)",
    "delay": 20
  },
  { "msg": "[    1.532000] Freeing unused kernel memory: 1524K", "delay": 30 },
  {
    "msg": "[    1.536000] Write protecting the kernel read-only data: 12288k",
    "delay": 25
  },
  { "msg": "[    1.540000] Freeing unused kernel memory: 2016K", "delay": 20 },
  { "msg": "[    1.544000] Freeing unused kernel memory: 1172K", "delay": 20 },
  {
    "msg": "[    1.580000] x86/mm: Checked W+X mappings: passed, no W+X pages found.",
    "delay": 25
  },
  {
    "msg": "[    1.648000] EXT4-fs (sda1): mounted filesystem with ordered data mode",
    "delay": 30
  },
  { "msg": "[    1.684000] random: fast init done", "delay": 20 },
  {
    "msg": "[    1.920000] systemd[1]: systemd 245 running in system mode",
    "delay": 35
  },
  {
    "msg": "[    1.956000] systemd[1]: Detected architecture x86-64.",
    "delay": 20
  },
  {
    "msg": "[    1.992000] systemd[1]: Set hostname to <ponlponl123-os>.",
    "delay": 25
  },
  { "msg": "[    2.156000] systemd[1]: Reached target Swap.", "delay": 20 },
  {
    "msg": "[    2.192000] systemd[1]: Created slice System Slice.",
    "delay": 15
  },
  {
    "msg": "[    2.228000] systemd[1]: Listening on udev Control Socket.",
    "delay": 15
  },
  {
    "msg": "[    2.264000] systemd[1]: Listening on Journal Socket.",
    "delay": 15
  },
  {
    "msg": "[    2.300000] systemd[1]: Starting Create Static Device Nodes in /dev...",
    "delay": 20
  },
  {
    "msg": "[    2.336000] systemd[1]: Starting Load Kernel Modules...",
    "delay": 20
  },
  {
    "msg": "[    2.372000] systemd[1]: Starting Journal Service...",
    "delay": 20
  },
  { "msg": "[    2.408000] systemd[1]: Started Journal Service.", "delay": 20 },
  {
    "msg": "[    2.444000] systemd-journald[245]: Received request to flush runtime journal from PID 1",
    "delay": 25
  },
  {
    "msg": "[    2.516000] EXT4-fs (sda1): re-mounted. Opts: errors=remount-ro",
    "delay": 25
  },
  {
    "msg": "[    2.552000] systemd-journald[245]: File /var/log/journal/system.journal corrupted or uncleanly shut down, renaming and replacing.",
    "delay": 30
  },
  {
    "msg": "[    2.624000] Adding 2097148k swap on /swapfile.  Priority:-2 extents:6 across:2260988k FS",
    "delay": 30
  }
]
